[TEST] Generate test...
Checking harness check_modify_slice...

Failed Checks: | _ | slice[idx] == new_val
Failed Checks:\
in std::option::expect_failed

VERIFICATION:- FAILED

[TEST] Run test...

running 2 tests

Expected valid index, but contract is wrong
test result: FAILED. 1 passed; 1 failed;
