Initial compilation
target/initial.log:1
target/initial.log: No harness
target/initial.log: ok
Re-execute the same command
target/same.log:0
target/same.log: All fresh
target/same.log: No harness
target/same.log: ok
Run with new arg that affects kani-driver workflow only
target/driver_opt.log:0
target/driver_opt.log: All fresh
target/driver_opt.log:Checking harness cover_option...
target/driver_opt.log:Checking harness cover_bool...
target/driver_opt.log:Complete - 2 successfully verified harnesses, 0 failures, 2 total.
Run with a new argument that affects compilation
target/disable_checks.log:1
target/disable_checks.log:Checking harness cover_option...
target/disable_checks.log:Checking harness cover_bool...
target/disable_checks.log:Complete - 2 successfully verified harnesses, 0 failures, 2 total.
Run with new dependency
target/new_dep.log:2
target/new_dep.log:Checking harness cover_option...
target/new_dep.log:Checking harness cover_bool...
target/new_dep.log:Complete - 2 successfully verified harnesses, 0 failures, 2 total.
